core_cm7.h:2032:22:__NVIC_SetPriority	8	static
fsl_enet.h:1100:20:ENET_ActiveRead	8	static
enet_ethernetif_kinetis.c:120:13:ethernet_callback	48	static
enet_ethernetif_kinetis.c:250:6:ethernetif_enet_init	120	static
enet_ethernetif_kinetis.c:336:13:ethernetif_enet_ptr	8	static
enet_ethernetif_kinetis.c:345:23:enet_get_tx_buffer	8	static
enet_ethernetif_kinetis.c:354:14:enet_send_frame	48	static
enet_ethernetif_kinetis.c:394:13:ethernetif_rx_release	24	static
enet_ethernetif_kinetis.c:410:21:ethernetif_read_frame	72	static
enet_ethernetif_kinetis.c:479:13:ethernetif_drop_frame	56	static
enet_ethernetif_kinetis.c:506:14:ethernetif_linkinput	32	static
enet_ethernetif_kinetis.c:530:7:ethernetif_linkoutput	40	static
enet_ethernetif_kinetis.c:617:7:ethernetif0_init	16	static
enet_ethernetif_kinetis.c:646:7:ethernetif1_init	16	static
