core_cm7.h:2156:34:__NVIC_SystemReset	0	static
aws_ota_pal.c:55:14:prvPAL_GetCertificate	8	static
aws_ota_pal.c:65:26:prvPAL_GetLLFileContext	16	static
aws_ota_pal.c:85:18:prvPAL_CheckFileSignature	48	static
aws_ota_pal.c:134:11:prvPAL_Abort	24	static
aws_ota_pal.c:145:11:prvPAL_CreateFileForRx	88	static
aws_ota_pal.c:176:11:prvPAL_CloseFile	192	static
aws_ota_pal.c:243:9:prvPAL_WriteBlock	32	static
aws_ota_pal.c:276:11:prvPAL_ActivateNewImage	8	static
aws_ota_pal.c:284:11:prvPAL_ResetDevice	8	static
aws_ota_pal.c:291:11:prvPAL_SetPlatformImageState	24	static
aws_ota_pal.c:370:22:prvPAL_GetPlatformImageState	16	static
