cbor.h:298:22:cbor_value_at_end	8	static
cbor.h:304:22:cbor_value_is_container	8	static
cbor.h:310:26:_cbor_value_extract_int64_helper	16	static
cbor.h:348:22:cbor_value_is_integer	8	static
cbor.h:390:22:cbor_value_is_length_known	8	static
cbor.h:394:22:cbor_value_is_tag	8	static
cbor.h:405:22:cbor_value_is_byte_string	8	static
cbor.h:407:22:cbor_value_is_text_string	8	static
cbor.h:461:22:cbor_value_is_map	8	static
cbor.h:493:22:cbor_value_is_half_float	8	static
compilersupport_p.h:222:20:add_check_overflow	16	static
cborparser.c:145:24:get16	24	static
cborparser.c:152:24:get32	24	static
cborparser.c:159:24:get64	32	static
cborparser.c:166:32:_cbor_value_extract_number	32	static
cborparser.c:194:18:extract_length	40	static
cborparser.c:209:13:is_fixed_type	8	static
cborparser.c:215:18:preparse_value	32	static
cborparser.c:301:18:preparse_next_value_nodecrement	16	static
cborparser.c:314:18:preparse_next_value	16	static
cborparser.c:326:18:advance_internal	32	static
cborparser.c:351:10:_cbor_value_decode_int64_internal	16	static
cborparser.c:376:11:cbor_parser_init	24	static
cborparser.c:451:11:cbor_value_validate_basic	32	static
cborparser.c:472:11:cbor_value_advance_fixed	16	static
cborparser.c:481:18:advance_recursive	40	static
cborparser.c:524:11:cbor_value_advance	16	static
cborparser.c:560:11:cbor_value_skip_tag	24	static
cborparser.c:587:11:cbor_value_enter_container	32	static
cborparser.c:636:11:cbor_value_leave_container	16	static
cborparser.c:818:11:cbor_value_get_int64_checked	32	static
cborparser.c:858:11:cbor_value_get_int_checked	24	static
cborparser.c:969:11:cbor_value_calculate_string_length	16	static
cborparser.c:975:20:prepare_string_iteration	16	static
cborparser.c:985:32:_cbor_value_prepare_string_iteration	16	static
cborparser.c:996:18:get_string_chunk	32	static
cborparser.c:1046:1:_cbor_value_get_string_chunk	40	static
cborparser.c:1062:18:iterate_noop	16	static
cborparser.c:1070:18:iterate_memcmp	24	static
cborparser.c:1075:18:iterate_memcpy	24	static
cborparser.c:1080:18:iterate_string_chunks	64	static
cborparser.c:1191:11:_cbor_value_copy_string	40	static
cborparser.c:1219:11:cbor_value_text_string_equals	56	static
cborparser.c:1307:11:cbor_value_map_find_value	48	static
cborparser.c:1419:11:cbor_value_get_half_float	24	static
