cbor.h:298:22:cbor_value_at_end	8	static
cbor.h:300:32:cbor_value_get_next_byte	8	static
cbor.h:310:26:_cbor_value_extract_int64_helper	16	static
cbor.h:318:26:cbor_value_get_type	8	static
cbor.h:338:22:cbor_value_is_simple_type	8	static
cbor.h:340:27:cbor_value_get_simple_type	16	static
cbor.h:348:22:cbor_value_is_integer	8	static
cbor.h:355:27:cbor_value_get_raw_integer	16	static
cbor.h:390:22:cbor_value_is_length_known	8	static
cbor.h:394:22:cbor_value_is_tag	8	static
cbor.h:396:27:cbor_value_get_tag	16	static
cbor.h:497:22:cbor_value_is_float	8	static
cbor.h:499:27:cbor_value_get_float	24	static
cbor.h:509:22:cbor_value_is_double	8	static
cbor.h:511:27:cbor_value_get_double	24	static
cborinternal_p.h:52:30:encode_half	40	static
cborinternal_p.h:86:22:decode_half	32	static
utf8_p.h:32:24:get_utf8	32	static
cborvalidation.c:270:25:validate_utf8_string	32	static
cborvalidation.c:282:25:validate_simple_type	8	static
cborvalidation.c:293:25:validate_number	48	static
cborvalidation.c:324:25:validate_tag	48	static
cborvalidation.c:377:25:validate_floating_point	56	static
cborvalidation.c:440:18:validate_container	96	static
cborvalidation.c:514:18:validate_value	88	static
cborvalidation.c:653:11:cbor_value_validate	40	static
