fsl_str.c:144:17:PrintGetWidth	16	static
fsl_str.c:173:17:PrintGetPrecision	32	static
fsl_str.c:230:17:PrintIsobpu	16	static
fsl_str.c:240:17:PrintIsdi	16	static
fsl_str.c:250:13:PrintOutputdifFobpu	24	static
fsl_str.c:303:13:PrintOutputxX	24	static
fsl_str.c:364:17:PrintIsfF	16	static
fsl_str.c:374:17:PrintIsxX	16	static
fsl_str.c:466:16:PrintGetRadixFromobpu	16	static
fsl_str.c:489:17:ScanIsWhiteSpace	16	static
fsl_str.c:499:17:ScanIgnoreWhiteSpace	24	static
fsl_str.c:514:16:ConvertRadixNumToString	56	static
fsl_str.c:737:5:StrFormatPrintf	128	static
fsl_str.c:989:16:StrFormatScanIsFormatStarting	16	static
fsl_str.c:1008:16:StrFormatScanGetBase	8	static
fsl_str.c:1031:16:StrFormatScanCheckSymbol	16	static
fsl_str.c:1052:16:StrFormatScanFillInteger	16	static
fsl_str.c:1153:16:StrFormatScanfStringHandling	40	static
fsl_str.c:1317:5:StrFormatScanf	88	static
