pk.h:170:36:mbedtls_pk_ec	8	static
iot_pkcs11_mbedtls.c:164:17:prvSessionPointerFromHandle	8	static
iot_pkcs11_mbedtls.c:254:7:prvMbedTLS_Initialize	24	static
iot_pkcs11_mbedtls.c:291:7:prvGetObjectClass	48	static
iot_pkcs11_mbedtls.c:328:6:prvFindObjectInListByLabel	32	static
iot_pkcs11_mbedtls.c:358:6:prvFindObjectInListByHandle	32	static
iot_pkcs11_mbedtls.c:388:7:prvDeleteObjectFromList	32	static
iot_pkcs11_mbedtls.c:435:7:prvAddObjectToList	48	static
iot_pkcs11_mbedtls.c:494:11:PKCS11_PAL_DestroyObject	72	static
iot_pkcs11_mbedtls.c:585:16:xIsObjectWithNoNvmStorage	32	static
iot_pkcs11_mbedtls.c:680:1:C_Finalize	24	static
iot_pkcs11_mbedtls.c:728:1:C_GetFunctionList	16	static
iot_pkcs11_mbedtls.c:760:1:C_GetSlotList	24	static
iot_pkcs11_mbedtls.c:814:1:C_GetTokenInfo	8	static
iot_pkcs11_mbedtls.c:836:1:C_GetMechanismInfo	112	static
iot_pkcs11_mbedtls.c:883:1:C_InitToken	16	static
iot_pkcs11_mbedtls.c:916:1:C_OpenSession	40	static
iot_pkcs11_mbedtls.c:1053:1:C_CloseSession	24	static
iot_pkcs11_mbedtls.c:1108:1:C_Login	16	static
iot_pkcs11_mbedtls.c:1127:7:prvCreateCertificate	72	static
iot_pkcs11_mbedtls.c:1226:6:prvGetKeyType	40	static
iot_pkcs11_mbedtls.c:1248:6:prvGetLabel	32	static
iot_pkcs11_mbedtls.c:1273:7:prvGetExistingKeyComponent	56	static
iot_pkcs11_mbedtls.c:1332:7:prvCreateEcPrivateKey	72	static
iot_pkcs11_mbedtls.c:1429:7:prvCreateRsaPrivateKey	88	static
iot_pkcs11_mbedtls.c:1570:7:prvCreatePrivateKey	88	static
iot_pkcs11_mbedtls.c:1745:7:prvCreateECPublicKey	72	static
iot_pkcs11_mbedtls.c:1841:7:prvCreatePublicKey	72	static
iot_pkcs11_mbedtls.c:2018:1:C_CreateObject	32	static
iot_pkcs11_mbedtls.c:2077:1:C_DestroyObject	24	static
iot_pkcs11_mbedtls.c:2129:1:C_GetAttributeValue	104	static
iot_pkcs11_mbedtls.c:2402:1:C_FindObjectsInit	56	static
iot_pkcs11_mbedtls.c:2513:1:C_FindObjects	72	static
iot_pkcs11_mbedtls.c:2642:1:C_FindObjectsFinal	24	static
iot_pkcs11_mbedtls.c:2689:1:C_DigestInit	24	static
iot_pkcs11_mbedtls.c:2747:1:C_DigestUpdate	32	static
iot_pkcs11_mbedtls.c:2808:1:C_DigestFinal	32	static
iot_pkcs11_mbedtls.c:2883:1:C_SignInit	72	static
iot_pkcs11_mbedtls.c:3047:1:C_Sign	152	static
iot_pkcs11_mbedtls.c:3190:1:C_VerifyInit	72	static
iot_pkcs11_mbedtls.c:3343:1:C_Verify	72	static
iot_pkcs11_mbedtls.c:3479:7:prvCheckGenerateKeyPairPrivateTemplate	64	static
iot_pkcs11_mbedtls.c:3565:7:prvCheckGenerateKeyPairPublicTemplate	80	static
iot_pkcs11_mbedtls.c:3709:1:C_GenerateKeyPair	64	static
iot_pkcs11_mbedtls.c:3865:1:C_GenerateRandom	32	static
