fsl_flexspi.h:388:20:FLEXSPI_SoftwareReset	8	static
mflash_drv.h:35:24:mflash_drv_is_page_aligned	8	static
mflash_drv.h:40:24:mflash_drv_is_sector_aligned	8	static
mflash_drv.c:116:17:flexspi_nor_wait_bus_busy	48	static
mflash_drv.c:168:17:flexspi_nor_write_enable	40	static
mflash_drv.c:185:17:flexspi_nor_flash_sector_erase	40	static
mflash_drv.c:215:10:flexspi_nor_enable_quad_mode	40	static
mflash_drv.c:249:17:flexspi_nor_flash_page_program	48	static
mflash_drv.c:282:17:flexspi_nor_read_data	48	static
mflash_drv.c:303:16:mflash_drv_sector_erase_internal	24	static
mflash_drv.c:329:9:mflash_drv_sector_erase	24	static
mflash_drv.c:340:16:mflash_drv_page_program_internal	24	static
mflash_drv.c:367:9:mflash_drv_page_program	24	static
mflash_drv.c:378:16:mflash_drv_read_internal	32	static
mflash_drv.c:402:9:mflash_drv_read	32	static
mflash_drv.c:415:16:mflash_drv_init_internal	64	static
mflash_drv.c:461:9:mflash_drv_init	16	static
mflash_drv.c:475:16:mflash_drv_sector_update	80	static
mflash_drv.c:589:9:mflash_drv_write_internal	48	static
mflash_drv.c:641:9:mflash_drv_write	32	static
mflash_drv.c:650:7:mflash_drv_mmap	24	static
